{
  "ip": 0,
  "fr": 60,
  "v": "5.1.20",
  "assets": [],
  "layers": [
    {
      "ty": 4,
      "nm": "Arrows",
      "ip": 0,
      "st": 0,
      "ind": 2,
      "hix": 2,
      "ks": {
        "o": {
          "a": 0,
          "k": 100
        },
        "or": {
          "a": 0,
          "k": [
            0,
            0,
            0
          ]
        },
        "a": {
          "a": 0,
          "k": [
            12,
            10,
            0
          ]
        },
        "p": {
          "s": true,
          "x": {
            "a": 0,
            "k": 28.162
          },
          "y": {
            "a": 0,
            "k": 22.079999999999917
          }
        },
        "rx": {
          "a": 0,
          "k": 0
        },
        "ry": {
          "a": 0,
          "k": 0
        },
        "rz": {
          "a": 1,
          "k": [
            {
              "t": 0,
              "s": [
                0
              ],
              "e": [
                -171.88733853924697
              ],
              "i": {
                "x": [
                  1
                ],
                "y": [
                  1
                ]
              },
              "o": {
                "x": [
                  0
                ],
                "y": [
                  0
                ]
              }
            },
            {
              "t": 30
            }
          ]
        },
        "s": {
          "a": 0,
          "k": [
            100,
            100,
            100
          ]
        }
      },
      "shapes": [
        {
          "ty": "gr",
          "it": [
            {
              "ty": "sh",
              "ks": {
                "a": 0,
                "k": {
                  "c": false,
                  "v": [
                    [
                      2.2888276,
                      11
                    ],
                    [
                      8.76004103,
                      0.23072924
                    ],
                    [
                      17,
                      2.87572543
                    ]
                  ],
                  "i": [
                    [
                      0,
                      0
                    ],
                    [
                      -4.52133725,
                      1.08063267
                    ],
                    [
                      -1.9884778,
                      -2.272433303
                    ]
                  ],
                  "o": [
                    [
                      -1.2995875179999998,
                      -4.89038865
                    ],
                    [
                      3.1237610700000005,
                      -0.7481303130000001
                    ],
                    [
                      0,
                      0
                    ]
                  ]
                }
              }
            },
            {
              "ty": "st",
              "o": {
                "a": 0,
                "k": 100
              },
              "w": {
                "a": 0,
                "k": 1
              },
              "c": {
                "a": 0,
                "k": [
                  1,
                  1,
                  1,
                  1
                ]
              },
              "lc": 2,
              "lj": 2
            },
            {
              "ty": "fl",
              "o": {
                "a": 0,
                "k": 0
              },
              "c": {
                "a": 0,
                "k": [
                  0,
                  0,
                  0,
                  0
                ]
              },
              "r": 1
            },
            {
              "ty": "tr",
              "o": {
                "a": 0,
                "k": 100
              },
              "a": {
                "a": 0,
                "k": [
                  0,
                  0
                ]
              },
              "s": {
                "a": 0,
                "k": [
                  100,
                  100
                ]
              },
              "p": {
                "a": 0,
                "k": [
                  1,
                  1
                ]
              },
              "r": {
                "a": 0,
                "k": 0
              }
            }
          ]
        },
        {
          "ty": "gr",
          "it": [
            {
              "ty": "sh",
              "ks": {
                "a": 0,
                "k": {
                  "c": false,
                  "v": [
                    [
                      19.8601315,
                      8
                    ],
                    [
                      13.1612884,
                      17.7690728
                    ],
                    [
                      5,
                      15.5356828
                    ]
                  ],
                  "i": [
                    [
                      0,
                      0
                    ],
                    [
                      4.359548199999999,
                      -1.0042220999999998
                    ],
                    [
                      2.07274083,
                      1.9933808999999982
                    ]
                  ],
                  "o": [
                    [
                      0.8583245999999995,
                      4.426611100000001
                    ],
                    [
                      -3.0401571,
                      0.701951300000001
                    ],
                    [
                      0,
                      0
                    ]
                  ]
                }
              }
            },
            {
              "ty": "st",
              "o": {
                "a": 0,
                "k": 100
              },
              "w": {
                "a": 0,
                "k": 1
              },
              "c": {
                "a": 0,
                "k": [
                  1,
                  1,
                  1,
                  1
                ]
              },
              "lc": 2,
              "lj": 2
            },
            {
              "ty": "fl",
              "o": {
                "a": 0,
                "k": 0
              },
              "c": {
                "a": 0,
                "k": [
                  0,
                  0,
                  0,
                  0
                ]
              },
              "r": 1
            },
            {
              "ty": "tr",
              "o": {
                "a": 0,
                "k": 100
              },
              "a": {
                "a": 0,
                "k": [
                  0,
                  0
                ]
              },
              "s": {
                "a": 0,
                "k": [
                  100,
                  100
                ]
              },
              "p": {
                "a": 0,
                "k": [
                  1,
                  1
                ]
              },
              "r": {
                "a": 0,
                "k": 0
              }
            }
          ]
        },
        {
          "ty": "gr",
          "it": [
            {
              "ty": "sh",
              "ks": {
                "a": 0,
                "k": {
                  "c": true,
                  "v": [
                    [
                      22,
                      12
                    ],
                    [
                      19.2102804,
                      8
                    ],
                    [
                      16,
                      11.6983859
                    ]
                  ],
                  "i": [
                    [
                      0,
                      0
                    ],
                    [
                      0,
                      0
                    ],
                    [
                      0,
                      0
                    ]
                  ],
                  "o": [
                    [
                      0,
                      0
                    ],
                    [
                      0,
                      0
                    ],
                    [
                      0,
                      0
                    ]
                  ]
                }
              }
            },
            {
              "ty": "st",
              "o": {
                "a": 0,
                "k": 100
              },
              "w": {
                "a": 0,
                "k": 1
              },
              "c": {
                "a": 0,
                "k": [
                  1,
                  1,
                  1,
                  1
                ]
              },
              "lc": 2,
              "lj": 2
            },
            {
              "ty": "fl",
              "o": {
                "a": 0,
                "k": 0
              },
              "c": {
                "a": 0,
                "k": [
                  0,
                  0,
                  0,
                  0
                ]
              },
              "r": 1
            },
            {
              "ty": "tr",
              "o": {
                "a": 0,
                "k": 100
              },
              "a": {
                "a": 0,
                "k": [
                  0,
                  0
                ]
              },
              "s": {
                "a": 0,
                "k": [
                  100,
                  100
                ]
              },
              "p": {
                "a": 0,
                "k": [
                  1,
                  1
                ]
              },
              "r": {
                "a": 0,
                "k": 0
              }
            }
          ]
        },
        {
          "ty": "gr",
          "it": [
            {
              "ty": "sh",
              "ks": {
                "a": 0,
                "k": {
                  "c": true,
                  "v": [
                    [
                      0,
                      7
                    ],
                    [
                      2.79072096,
                      11
                    ],
                    [
                      6,
                      7.30161407
                    ]
                  ],
                  "i": [
                    [
                      0,
                      0
                    ],
                    [
                      0,
                      0
                    ],
                    [
                      0,
                      0
                    ]
                  ],
                  "o": [
                    [
                      0,
                      0
                    ],
                    [
                      0,
                      0
                    ],
                    [
                      0,
                      0
                    ]
                  ]
                }
              }
            },
            {
              "ty": "st",
              "o": {
                "a": 0,
                "k": 100
              },
              "w": {
                "a": 0,
                "k": 1
              },
              "c": {
                "a": 0,
                "k": [
                  1,
                  1,
                  1,
                  1
                ]
              },
              "lc": 2,
              "lj": 2
            },
            {
              "ty": "fl",
              "o": {
                "a": 0,
                "k": 0
              },
              "c": {
                "a": 0,
                "k": [
                  0,
                  0,
                  0,
                  0
                ]
              },
              "r": 1
            },
            {
              "ty": "tr",
              "o": {
                "a": 0,
                "k": 100
              },
              "a": {
                "a": 0,
                "k": [
                  0,
                  0
                ]
              },
              "s": {
                "a": 0,
                "k": [
                  100,
                  100
                ]
              },
              "p": {
                "a": 0,
                "k": [
                  1,
                  1
                ]
              },
              "r": {
                "a": 0,
                "k": 0
              }
            }
          ]
        }
      ],
      "op": 30
    },
    {
      "ty": 4,
      "nm": "Page 1",
      "ip": 0,
      "st": 0,
      "ind": 1,
      "hix": 3,
      "ks": {
        "o": {
          "a": 0,
          "k": 100
        },
        "or": {
          "a": 0,
          "k": [
            0,
            0,
            0
          ]
        },
        "a": {
          "a": 0,
          "k": [
            21,
            15.5,
            0
          ]
        },
        "p": {
          "s": true,
          "x": {
            "a": 0,
            "k": 28.162
          },
          "y": {
            "a": 0,
            "k": 22.079999999999917
          }
        },
        "rx": {
          "a": 0,
          "k": 0
        },
        "ry": {
          "a": 0,
          "k": 0
        },
        "rz": {
          "a": 0,
          "k": 0
        },
        "s": {
          "a": 0,
          "k": [
            100,
            100,
            100
          ]
        }
      },
      "shapes": [
        {
          "ty": "gr",
          "it": [
            {
              "ty": "sh",
              "ks": {
                "a": 0,
                "k": {
                  "c": true,
                  "v": [
                    [
                      28.9835294,
                      4.24675
                    ],
                    [
                      23.8494118,
                      0
                    ],
                    [
                      16.1482353,
                      0
                    ],
                    [
                      11.0141176,
                      4.24675
                    ],
                    [
                      3.52941176,
                      4.24675
                    ],
                    [
                      0,
                      8.50925
                    ],
                    [
                      0,
                      25.125
                    ],
                    [
                      3.52941176,
                      29
                    ],
                    [
                      36.4705882,
                      29
                    ],
                    [
                      40,
                      25.125
                    ],
                    [
                      40,
                      8.50925
                    ],
                    [
                      36.4705882,
                      4.24675
                    ]
                  ],
                  "i": [
                    [
                      0,
                      0
                    ],
                    [
                      0,
                      0
                    ],
                    [
                      0,
                      0
                    ],
                    [
                      0,
                      0
                    ],
                    [
                      0,
                      0
                    ],
                    [
                      0,
                      -2.1312499999999996
                    ],
                    [
                      0,
                      0
                    ],
                    [
                      -1.9435294099999998,
                      0
                    ],
                    [
                      0,
                      0
                    ],
                    [
                      0,
                      2.1312500000000014
                    ],
                    [
                      0,
                      0
                    ],
                    [
                      1.9411764999999974,
                      0
                    ]
                  ],
                  "o": [
                    [
                      0,
                      0
                    ],
                    [
                      0,
                      0
                    ],
                    [
                      0,
                      0
                    ],
                    [
                      0,
                      0
                    ],
                    [
                      -1.9435294099999998,
                      0
                    ],
                    [
                      0,
                      0
                    ],
                    [
                      0,
                      2.1312500000000014
                    ],
                    [
                      0,
                      0
                    ],
                    [
                      1.9411764999999974,
                      0
                    ],
                    [
                      0,
                      0
                    ],
                    [
                      0,
                      -2.1312499999999996
                    ],
                    [
                      0,
                      0
                    ]
                  ]
                }
              }
            },
            {
              "ty": "st",
              "o": {
                "a": 0,
                "k": 100
              },
              "w": {
                "a": 0,
                "k": 1
              },
              "c": {
                "a": 0,
                "k": [
                  1,
                  1,
                  1,
                  1
                ]
              },
              "lc": 2,
              "lj": 2
            },
            {
              "ty": "fl",
              "o": {
                "a": 0,
                "k": 0
              },
              "c": {
                "a": 0,
                "k": [
                  0,
                  0,
                  0,
                  0
                ]
              },
              "r": 1
            },
            {
              "ty": "tr",
              "o": {
                "a": 0,
                "k": 100
              },
              "a": {
                "a": 0,
                "k": [
                  0,
                  0
                ]
              },
              "s": {
                "a": 0,
                "k": [
                  100,
                  100
                ]
              },
              "p": {
                "a": 0,
                "k": [
                  1,
                  1
                ]
              },
              "r": {
                "a": 0,
                "k": 0
              }
            }
          ]
        }
      ],
      "op": 30
    },
    {
      "ty": 4,
      "ip": 0,
      "st": 0,
      "ind": 0,
      "hix": 1,
      "ks": {
        "o": {
          "a": 0,
          "k": 100
        },
        "or": {
          "a": 0,
          "k": [
            0,
            0,
            0
          ]
        },
        "a": {
          "a": 0,
          "k": [
            0,
            0,
            0
          ]
        },
        "p": {
          "a": 0,
          "k": [
            0,
            0,
            0
          ]
        },
        "rx": {
          "a": 0,
          "k": 0
        },
        "ry": {
          "a": 0,
          "k": 0
        },
        "rz": {
          "a": 0,
          "k": 0
        },
        "s": {
          "a": 0,
          "k": [
            100,
            100,
            100
          ]
        }
      },
      "shapes": [
        {
          "ty": "gr",
          "it": [
            {
              "ty": "rc",
              "s": {
                "a": 0,
                "k": [
                  55.556,
                  45.466
                ]
              },
              "r": {
                "a": 0,
                "k": 0
              },
              "p": {
                "a": 0,
                "k": [
                  27.778,
                  22.733
                ]
              }
            },
            {
              "ty": "st",
              "o": {
                "a": 0,
                "k": 0
              },
              "w": {
                "a": 0,
                "k": 0
              },
              "c": {
                "a": 0,
                "k": [
                  0,
                  0,
                  0,
                  0
                ]
              },
              "lc": 3,
              "lj": 1
            },
            {
              "ty": "fl",
              "o": {
                "a": 0,
                "k": 100
              },
              "r": 1,
              "c": {
                "a": 0,
                "k": [
                  0,
                  0,
                  0,
                  1
                ]
              }
            },
            {
              "ty": "tr",
              "o": {
                "a": 0,
                "k": 100
              },
              "a": {
                "a": 0,
                "k": [
                  0,
                  0
                ]
              },
              "s": {
                "a": 0,
                "k": [
                  100,
                  100
                ]
              },
              "p": {
                "a": 0,
                "k": [
                  0,
                  0
                ]
              },
              "r": {
                "a": 0,
                "k": 0
              }
            }
          ]
        }
      ],
      "op": 30
    }
  ],
  "op": 30,
  "w": 55.556,
  "h": 45.466
}