{
  "ip": 0,
  "fr": 60,
  "v": "5.1.20",
  "assets": [],
  "layers": [
    {
      "ty": 4,
      "nm": "red_cross",
      "ip": 0,
      "st": 0,
      "ind": 2,
      "hix": 1,
      "ks": {
        "o": {
          "a": 0,
          "k": 100
        },
        "or": {
          "a": 0,
          "k": [
            0,
            0,
            0
          ]
        },
        "a": {
          "a": 0,
          "k": [
            37.5,
            37,
            0
          ]
        },
        "p": {
          "s": true,
          "x": {
            "a": 0,
            "k": 45
          },
          "y": {
            "a": 0,
            "k": 39
          }
        },
        "rx": {
          "a": 0,
          "k": 0
        },
        "ry": {
          "a": 0,
          "k": 0
        },
        "rz": {
          "a": 0,
          "k": 0
        },
        "s": {
          "a": 1,
          "k": [
            {
              "t": 0,
              "s": [
                50,
                50
              ],
              "e": [
                80,
                80
              ],
              "i": {
                "x": [
                  0.355,
                  0.355
                ],
                "y": [
                  1,
                  1
                ]
              },
              "o": {
                "x": [
                  0.645,
                  0.645
                ],
                "y": [
                  0.045,
                  0.045
                ]
              }
            },
            {
              "t": 27,
              "s": [
                80,
                80
              ],
              "e": [
                65,
                65
              ],
              "i": {
                "x": [
                  0.22,
                  0.22
                ],
                "y": [
                  1,
                  1
                ]
              },
              "o": {
                "x": [
                  0.19,
                  0.19
                ],
                "y": [
                  1,
                  1
                ]
              }
            },
            {
              "t": 31,
              "s": [
                65,
                65
              ],
              "e": [
                100,
                100
              ],
              "i": {
                "x": [
                  0.355,
                  0.355
                ],
                "y": [
                  1,
                  1
                ]
              },
              "o": {
                "x": [
                  0.215,
                  0.215
                ],
                "y": [
                  0.61,
                  0.61
                ]
              }
            },
            {
              "t": 57
            }
          ]
        }
      },
      "shapes": [
        {
          "ty": "gr",
          "it": [
            {
              "ty": "sh",
              "ks": {
                "a": 0,
                "k": {
                  "c": true,
                  "v": [
                    [
                      25.4,
                      73.3
                    ],
                    [
                      21.2,
                      60
                    ],
                    [
                      21.2,
                      53
                    ],
                    [
                      13.6,
                      53
                    ],
                    [
                      3,
                      50
                    ],
                    [
                      0,
                      47
                    ],
                    [
                      0.4,
                      36
                    ],
                    [
                      3.7,
                      22.3
                    ],
                    [
                      13.9,
                      19.1
                    ],
                    [
                      21.2,
                      18.8
                    ],
                    [
                      21.2,
                      12
                    ],
                    [
                      23.3,
                      2.6
                    ],
                    [
                      38.2,
                      0
                    ],
                    [
                      53.1,
                      2.6
                    ],
                    [
                      55.2,
                      12
                    ],
                    [
                      55.2,
                      18.8
                    ],
                    [
                      62,
                      19.2
                    ],
                    [
                      71.5,
                      21.4
                    ],
                    [
                      74.2,
                      23.2
                    ],
                    [
                      74.2,
                      36.6
                    ],
                    [
                      62.6,
                      53
                    ],
                    [
                      55.4,
                      53
                    ],
                    [
                      55.1,
                      61.6
                    ],
                    [
                      38.3,
                      73.9
                    ]
                  ],
                  "i": [
                    [
                      0.7000000000000028,
                      0.29999999999999716
                    ],
                    [
                      0,
                      7.099999999999994
                    ],
                    [
                      0,
                      0
                    ],
                    [
                      0,
                      0
                    ],
                    [
                      2.9000000000000004,
                      2.799999999999997
                    ],
                    [
                      0,
                      0
                    ],
                    [
                      0,
                      0
                    ],
                    [
                      -2.9000000000000004,
                      2.599999999999998
                    ],
                    [
                      -6.300000000000001,
                      0.3999999999999986
                    ],
                    [
                      0,
                      0
                    ],
                    [
                      0,
                      0
                    ],
                    [
                      -1.6999999999999993,
                      2.1
                    ],
                    [
                      -12.700000000000003,
                      0
                    ],
                    [
                      -2,
                      -2.6
                    ],
                    [
                      0,
                      -5.3
                    ],
                    [
                      0,
                      0
                    ],
                    [
                      0,
                      0
                    ],
                    [
                      -1.7999999999999972,
                      -1.1999999999999993
                    ],
                    [
                      0,
                      0
                    ],
                    [
                      0,
                      0
                    ],
                    [
                      11.399999999999999,
                      0
                    ],
                    [
                      0,
                      0
                    ],
                    [
                      0,
                      0
                    ],
                    [
                      15.600000000000001,
                      0.09999999999999432
                    ]
                  ],
                  "o": [
                    [
                      -2.5,
                      -1
                    ],
                    [
                      0,
                      0
                    ],
                    [
                      0,
                      0
                    ],
                    [
                      -7.1,
                      0
                    ],
                    [
                      0,
                      0
                    ],
                    [
                      0,
                      0
                    ],
                    [
                      0.29999999999999993,
                      -10.7
                    ],
                    [
                      2.5,
                      -2.400000000000002
                    ],
                    [
                      0,
                      0
                    ],
                    [
                      0,
                      0
                    ],
                    [
                      0,
                      -5.3
                    ],
                    [
                      2,
                      -2.6
                    ],
                    [
                      12.699999999999996,
                      0
                    ],
                    [
                      1.6999999999999957,
                      2.1
                    ],
                    [
                      0,
                      0
                    ],
                    [
                      0,
                      0
                    ],
                    [
                      4.299999999999997,
                      0.1999999999999993
                    ],
                    [
                      0,
                      0
                    ],
                    [
                      0,
                      0
                    ],
                    [
                      0,
                      16.1
                    ],
                    [
                      0,
                      0
                    ],
                    [
                      0,
                      0
                    ],
                    [
                      -0.5,
                      11.899999999999999
                    ],
                    [
                      -6.399999999999999,
                      0
                    ]
                  ]
                }
              }
            },
            {
              "ty": "st",
              "o": {
                "a": 0,
                "k": 0
              },
              "w": {
                "a": 0,
                "k": 0
              },
              "c": {
                "a": 0,
                "k": [
                  0,
                  0,
                  0,
                  0
                ]
              },
              "lc": 3,
              "lj": 1
            },
            {
              "ty": "fl",
              "o": {
                "a": 0,
                "k": 100
              },
              "r": 1,
              "c": {
                "a": 0,
                "k": [
                  0.996078431372549,
                  0,
                  0.20392156862745098,
                  1
                ]
              }
            },
            {
              "ty": "tr",
              "o": {
                "a": 0,
                "k": 100
              },
              "a": {
                "a": 0,
                "k": [
                  0,
                  0
                ]
              },
              "s": {
                "a": 0,
                "k": [
                  -100,
                  100
                ]
              },
              "p": {
                "a": 0,
                "k": [
                  0.8,
                  74
                ]
              },
              "r": {
                "a": 0,
                "k": 180.02333923010465
              }
            }
          ]
        }
      ],
      "op": 57
    }
  ],
  "op": 57,
  "w": 90,
  "h": 78
}