{
  "ip": 0,
  "fr": 60,
  "v": "5.1.20",
  "assets": [],
  "layers": [
    {
      "ty": 4,
      "nm": "Rectangle-e15349-fe156e-babb1d",
      "ip": 0,
      "st": 0,
      "ind": 4,
      "hix": 4,
      "ks": {
        "o": {
          "a": 0,
          "k": 100
        },
        "or": {
          "a": 0,
          "k": [
            0,
            0,
            0
          ]
        },
        "a": {
          "a": 0,
          "k": [
            95,
            500,
            0
          ]
        },
        "p": {
          "s": true,
          "x": {
            "a": 0,
            "k": 171
          },
          "y": {
            "a": 1,
            "k": [
              {
                "t": 0,
                "s": [
                  576
                ],
                "e": [
                  514
                ],
                "i": {
                  "x": [
                    1
                  ],
                  "y": [
                    1
                  ]
                },
                "o": {
                  "x": [
                    0
                  ],
                  "y": [
                    0
                  ]
                }
              },
              {
                "t": 39,
                "s": [
                  514
                ],
                "e": [
                  550
                ],
                "i": {
                  "x": [
                    1
                  ],
                  "y": [
                    1
                  ]
                },
                "o": {
                  "x": [
                    0
                  ],
                  "y": [
                    0
                  ]
                }
              },
              {
                "t": 54,
                "s": [
                  550
                ],
                "e": [
                  508
                ],
                "i": {
                  "x": [
                    1
                  ],
                  "y": [
                    1
                  ]
                },
                "o": {
                  "x": [
                    0
                  ],
                  "y": [
                    0
                  ]
                }
              },
              {
                "t": 113,
                "s": [
                  508
                ],
                "e": [
                  557
                ],
                "i": {
                  "x": [
                    1
                  ],
                  "y": [
                    1
                  ]
                },
                "o": {
                  "x": [
                    0
                  ],
                  "y": [
                    0
                  ]
                }
              },
              {
                "t": 166,
                "s": [
                  557
                ],
                "e": [
                  540
                ],
                "i": {
                  "x": [
                    1
                  ],
                  "y": [
                    1
                  ]
                },
                "o": {
                  "x": [
                    0
                  ],
                  "y": [
                    0
                  ]
                }
              },
              {
                "t": 192,
                "s": [
                  540
                ],
                "e": [
                  578
                ],
                "i": {
                  "x": [
                    1
                  ],
                  "y": [
                    1
                  ]
                },
                "o": {
                  "x": [
                    0
                  ],
                  "y": [
                    0
                  ]
                }
              },
              {
                "t": 212,
                "s": [
                  578
                ],
                "e": [
                  520
                ],
                "i": {
                  "x": [
                    1
                  ],
                  "y": [
                    1
                  ]
                },
                "o": {
                  "x": [
                    0
                  ],
                  "y": [
                    0
                  ]
                }
              },
              {
                "t": 265,
                "s": [
                  520
                ],
                "e": [
                  576
                ],
                "i": {
                  "x": [
                    1
                  ],
                  "y": [
                    1
                  ]
                },
                "o": {
                  "x": [
                    0
                  ],
                  "y": [
                    0
                  ]
                }
              },
              {
                "t": 300
              }
            ]
          }
        },
        "rx": {
          "a": 0,
          "k": 0
        },
        "ry": {
          "a": 0,
          "k": 0
        },
        "rz": {
          "a": 0,
          "k": 0
        },
        "s": {
          "a": 0,
          "k": [
            100,
            100,
            100
          ]
        }
      },
      "shapes": [
        {
          "ty": "gr",
          "it": [
            {
              "ty": "rc",
              "s": {
                "a": 0,
                "k": [
                  19,
                  100
                ]
              },
              "r": {
                "a": 0,
                "k": 0
              },
              "p": {
                "a": 0,
                "k": [
                  130.5,
                  50
                ]
              }
            },
            {
              "ty": "st",
              "o": {
                "a": 0,
                "k": 0
              },
              "w": {
                "a": 0,
                "k": 0
              },
              "c": {
                "a": 0,
                "k": [
                  0,
                  0,
                  0,
                  0
                ]
              },
              "lc": 3,
              "lj": 1
            },
            {
              "ty": "fl",
              "o": {
                "a": 0,
                "k": 100
              },
              "r": 2,
              "c": {
                "a": 0,
                "k": [
                  0,
                  0.7058823529411765,
                  0.7019607843137254,
                  1
                ]
              }
            },
            {
              "ty": "tr",
              "o": {
                "a": 0,
                "k": 100
              },
              "a": {
                "a": 0,
                "k": [
                  0,
                  0
                ]
              },
              "s": {
                "a": 0,
                "k": [
                  100,
                  100
                ]
              },
              "p": {
                "a": 0,
                "k": [
                  -121,
                  0
                ]
              },
              "r": {
                "a": 0,
                "k": 0
              }
            }
          ]
        }
      ],
      "op": 300
    },
    {
      "ty": 4,
      "nm": "Rectangle-e15349-fe156e",
      "ip": 0,
      "st": 0,
      "ind": 3,
      "hix": 3,
      "ks": {
        "o": {
          "a": 0,
          "k": 100
        },
        "or": {
          "a": 0,
          "k": [
            0,
            0,
            0
          ]
        },
        "a": {
          "a": 0,
          "k": [
            95,
            500,
            0
          ]
        },
        "p": {
          "s": true,
          "x": {
            "a": 0,
            "k": 147
          },
          "y": {
            "a": 1,
            "k": [
              {
                "t": 0,
                "s": [
                  535
                ],
                "e": [
                  590
                ],
                "i": {
                  "x": [
                    1
                  ],
                  "y": [
                    1
                  ]
                },
                "o": {
                  "x": [
                    0
                  ],
                  "y": [
                    0
                  ]
                }
              },
              {
                "t": 70,
                "s": [
                  590
                ],
                "e": [
                  510
                ],
                "i": {
                  "x": [
                    1
                  ],
                  "y": [
                    1
                  ]
                },
                "o": {
                  "x": [
                    0
                  ],
                  "y": [
                    0
                  ]
                }
              },
              {
                "t": 122,
                "s": [
                  510
                ],
                "e": [
                  570
                ],
                "i": {
                  "x": [
                    1
                  ],
                  "y": [
                    1
                  ]
                },
                "o": {
                  "x": [
                    0
                  ],
                  "y": [
                    0
                  ]
                }
              },
              {
                "t": 150,
                "s": [
                  570
                ],
                "e": [
                  518
                ],
                "i": {
                  "x": [
                    1
                  ],
                  "y": [
                    1
                  ]
                },
                "o": {
                  "x": [
                    0
                  ],
                  "y": [
                    0
                  ]
                }
              },
              {
                "t": 190,
                "s": [
                  518
                ],
                "e": [
                  573
                ],
                "i": {
                  "x": [
                    1
                  ],
                  "y": [
                    1
                  ]
                },
                "o": {
                  "x": [
                    0
                  ],
                  "y": [
                    0
                  ]
                }
              },
              {
                "t": 247,
                "s": [
                  573
                ],
                "e": [
                  535
                ],
                "i": {
                  "x": [
                    1
                  ],
                  "y": [
                    1
                  ]
                },
                "o": {
                  "x": [
                    0
                  ],
                  "y": [
                    0
                  ]
                }
              },
              {
                "t": 300
              }
            ]
          }
        },
        "rx": {
          "a": 0,
          "k": 0
        },
        "ry": {
          "a": 0,
          "k": 0
        },
        "rz": {
          "a": 0,
          "k": 0
        },
        "s": {
          "a": 0,
          "k": [
            100,
            100,
            100
          ]
        }
      },
      "shapes": [
        {
          "ty": "gr",
          "it": [
            {
              "ty": "rc",
              "s": {
                "a": 0,
                "k": [
                  19,
                  100
                ]
              },
              "r": {
                "a": 0,
                "k": 0
              },
              "p": {
                "a": 0,
                "k": [
                  130.5,
                  50
                ]
              }
            },
            {
              "ty": "st",
              "o": {
                "a": 0,
                "k": 0
              },
              "w": {
                "a": 0,
                "k": 0
              },
              "c": {
                "a": 0,
                "k": [
                  0,
                  0,
                  0,
                  0
                ]
              },
              "lc": 3,
              "lj": 1
            },
            {
              "ty": "fl",
              "o": {
                "a": 0,
                "k": 100
              },
              "r": 2,
              "c": {
                "a": 0,
                "k": [
                  0,
                  0.7058823529411765,
                  0.7019607843137254,
                  1
                ]
              }
            },
            {
              "ty": "tr",
              "o": {
                "a": 0,
                "k": 100
              },
              "a": {
                "a": 0,
                "k": [
                  0,
                  0
                ]
              },
              "s": {
                "a": 0,
                "k": [
                  100,
                  100
                ]
              },
              "p": {
                "a": 0,
                "k": [
                  -121,
                  0
                ]
              },
              "r": {
                "a": 0,
                "k": 0
              }
            }
          ]
        }
      ],
      "op": 300
    },
    {
      "ty": 4,
      "nm": "Rectangle-e15349",
      "ip": 0,
      "st": 0,
      "ind": 2,
      "hix": 2,
      "ks": {
        "o": {
          "a": 0,
          "k": 100
        },
        "or": {
          "a": 0,
          "k": [
            0,
            0,
            0
          ]
        },
        "a": {
          "a": 0,
          "k": [
            95,
            500,
            0
          ]
        },
        "p": {
          "s": true,
          "x": {
            "a": 0,
            "k": 124
          },
          "y": {
            "a": 1,
            "k": [
              {
                "t": 0,
                "s": [
                  565
                ],
                "e": [
                  580
                ],
                "i": {
                  "x": [
                    1
                  ],
                  "y": [
                    1
                  ]
                },
                "o": {
                  "x": [
                    0
                  ],
                  "y": [
                    0
                  ]
                }
              },
              {
                "t": 32,
                "s": [
                  580
                ],
                "e": [
                  518
                ],
                "i": {
                  "x": [
                    1
                  ],
                  "y": [
                    1
                  ]
                },
                "o": {
                  "x": [
                    0
                  ],
                  "y": [
                    0
                  ]
                }
              },
              {
                "t": 80,
                "s": [
                  518
                ],
                "e": [
                  580
                ],
                "i": {
                  "x": [
                    1
                  ],
                  "y": [
                    1
                  ]
                },
                "o": {
                  "x": [
                    0
                  ],
                  "y": [
                    0
                  ]
                }
              },
              {
                "t": 156,
                "s": [
                  580
                ],
                "e": [
                  518
                ],
                "i": {
                  "x": [
                    1
                  ],
                  "y": [
                    1
                  ]
                },
                "o": {
                  "x": [
                    0
                  ],
                  "y": [
                    0
                  ]
                }
              },
              {
                "t": 210,
                "s": [
                  518
                ],
                "e": [
                  576
                ],
                "i": {
                  "x": [
                    1
                  ],
                  "y": [
                    1
                  ]
                },
                "o": {
                  "x": [
                    0
                  ],
                  "y": [
                    0
                  ]
                }
              },
              {
                "t": 273,
                "s": [
                  576
                ],
                "e": [
                  565
                ],
                "i": {
                  "x": [
                    1
                  ],
                  "y": [
                    1
                  ]
                },
                "o": {
                  "x": [
                    0
                  ],
                  "y": [
                    0
                  ]
                }
              },
              {
                "t": 300
              }
            ]
          }
        },
        "rx": {
          "a": 0,
          "k": 0
        },
        "ry": {
          "a": 0,
          "k": 0
        },
        "rz": {
          "a": 0,
          "k": 0
        },
        "s": {
          "a": 0,
          "k": [
            100,
            100,
            100
          ]
        }
      },
      "shapes": [
        {
          "ty": "gr",
          "it": [
            {
              "ty": "rc",
              "s": {
                "a": 0,
                "k": [
                  19,
                  100
                ]
              },
              "r": {
                "a": 0,
                "k": 0
              },
              "p": {
                "a": 0,
                "k": [
                  130.5,
                  50
                ]
              }
            },
            {
              "ty": "st",
              "o": {
                "a": 0,
                "k": 0
              },
              "w": {
                "a": 0,
                "k": 0
              },
              "c": {
                "a": 0,
                "k": [
                  0,
                  0,
                  0,
                  0
                ]
              },
              "lc": 3,
              "lj": 1
            },
            {
              "ty": "fl",
              "o": {
                "a": 0,
                "k": 100
              },
              "r": 2,
              "c": {
                "a": 0,
                "k": [
                  0,
                  0.7058823529411765,
                  0.7019607843137254,
                  1
                ]
              }
            },
            {
              "ty": "tr",
              "o": {
                "a": 0,
                "k": 100
              },
              "a": {
                "a": 0,
                "k": [
                  0,
                  0
                ]
              },
              "s": {
                "a": 0,
                "k": [
                  100,
                  100
                ]
              },
              "p": {
                "a": 0,
                "k": [
                  -121,
                  0
                ]
              },
              "r": {
                "a": 0,
                "k": 0
              }
            }
          ]
        }
      ],
      "op": 300
    },
    {
      "ty": 4,
      "nm": "Rectangle",
      "ip": 0,
      "st": 0,
      "ind": 1,
      "hix": 1,
      "ks": {
        "o": {
          "a": 0,
          "k": 100
        },
        "or": {
          "a": 0,
          "k": [
            0,
            0,
            0
          ]
        },
        "a": {
          "a": 0,
          "k": [
            95,
            500,
            0
          ]
        },
        "p": {
          "s": true,
          "x": {
            "a": 0,
            "k": 99.8
          },
          "y": {
            "a": 1,
            "k": [
              {
                "t": 0,
                "s": [
                  580
                ],
                "e": [
                  520
                ],
                "i": {
                  "x": [
                    1
                  ],
                  "y": [
                    1
                  ]
                },
                "o": {
                  "x": [
                    0
                  ],
                  "y": [
                    0
                  ]
                }
              },
              {
                "t": 60,
                "s": [
                  520
                ],
                "e": [
                  570
                ],
                "i": {
                  "x": [
                    1
                  ],
                  "y": [
                    1
                  ]
                },
                "o": {
                  "x": [
                    0
                  ],
                  "y": [
                    0
                  ]
                }
              },
              {
                "t": 100,
                "s": [
                  570
                ],
                "e": [
                  510
                ],
                "i": {
                  "x": [
                    1
                  ],
                  "y": [
                    1
                  ]
                },
                "o": {
                  "x": [
                    0
                  ],
                  "y": [
                    0
                  ]
                }
              },
              {
                "t": 133,
                "s": [
                  510
                ],
                "e": [
                  560
                ],
                "i": {
                  "x": [
                    1
                  ],
                  "y": [
                    1
                  ]
                },
                "o": {
                  "x": [
                    0
                  ],
                  "y": [
                    0
                  ]
                }
              },
              {
                "t": 203,
                "s": [
                  560
                ],
                "e": [
                  520
                ],
                "i": {
                  "x": [
                    1
                  ],
                  "y": [
                    1
                  ]
                },
                "o": {
                  "x": [
                    0
                  ],
                  "y": [
                    0
                  ]
                }
              },
              {
                "t": 246,
                "s": [
                  520
                ],
                "e": [
                  580
                ],
                "i": {
                  "x": [
                    1
                  ],
                  "y": [
                    1
                  ]
                },
                "o": {
                  "x": [
                    0
                  ],
                  "y": [
                    0
                  ]
                }
              },
              {
                "t": 300
              }
            ]
          }
        },
        "rx": {
          "a": 0,
          "k": 0
        },
        "ry": {
          "a": 0,
          "k": 0
        },
        "rz": {
          "a": 0,
          "k": 0
        },
        "s": {
          "a": 0,
          "k": [
            100,
            100,
            100
          ]
        }
      },
      "shapes": [
        {
          "ty": "gr",
          "it": [
            {
              "ty": "rc",
              "s": {
                "a": 0,
                "k": [
                  19,
                  100
                ]
              },
              "r": {
                "a": 0,
                "k": 0
              },
              "p": {
                "a": 0,
                "k": [
                  130.5,
                  50
                ]
              }
            },
            {
              "ty": "st",
              "o": {
                "a": 0,
                "k": 0
              },
              "w": {
                "a": 0,
                "k": 0
              },
              "c": {
                "a": 0,
                "k": [
                  0,
                  0,
                  0,
                  0
                ]
              },
              "lc": 3,
              "lj": 1
            },
            {
              "ty": "fl",
              "o": {
                "a": 0,
                "k": 100
              },
              "r": 2,
              "c": {
                "a": 0,
                "k": [
                  0,
                  0.7058823529411765,
                  0.7019607843137254,
                  1
                ]
              }
            },
            {
              "ty": "tr",
              "o": {
                "a": 0,
                "k": 100
              },
              "a": {
                "a": 0,
                "k": [
                  0,
                  0
                ]
              },
              "s": {
                "a": 0,
                "k": [
                  100,
                  100
                ]
              },
              "p": {
                "a": 0,
                "k": [
                  -121,
                  0
                ]
              },
              "r": {
                "a": 0,
                "k": 0
              }
            }
          ]
        }
      ],
      "op": 300
    }
  ],
  "op": 300,
  "w": 100,
  "h": 100
}