{
  "metadata": {
    "folder": "/Users/dsiegel/.haiku/projects/moejoederek/rvscam2",
    "uuid": "c9af97fc-057b-4b85-81ff-25d8b01f223d",
    "core": "3.4.4",
    "player": "3.4.4",
    "username": "derek@mav.farm",
    "organization": "moejoederek",
    "project": "rvscam2",
    "branch": "master",
    "version": "0.0.0",
    "title": "Main",
    "type": "haiku",
    "relpath": "code/main/code.js"
  },
  "options": {},
  "states": {},
  "eventHandlers": {},
  "timelines": {
    "Default": {
      "haiku:e4a9e4d8baa7": {
        "style.WebkitTapHighlightColor": {
          "0": {
            "value": "rgba(0,0,0,0)"
          }
        },
        "style.backgroundColor": {
          "0": {
            "value": "rgb(0,0,0)"
          }
        },
        "style.transformStyle": {
          "0": {
            "value": "flat"
          }
        },
        "style.perspective": {
          "0": {
            "value": "none"
          }
        },
        "style.position": {
          "0": {
            "value": "relative"
          }
        },
        "style.overflowX": {
          "0": {
            "value": "hidden"
          }
        },
        "style.overflowY": {
          "0": {
            "value": "hidden"
          }
        },
        "sizeAbsolute.x": {
          "0": {
            "value": 55.556,
            "edited": true
          }
        },
        "sizeAbsolute.y": {
          "0": {
            "value": 45.466,
            "edited": true
          }
        },
        "sizeMode.x": {
          "0": {
            "value": 1
          }
        },
        "sizeMode.y": {
          "0": {
            "value": 1
          }
        },
        "sizeMode.z": {
          "0": {
            "value": 1
          }
        }
      },
      "haiku:62fc43ac06b2": {
        "style.position": {
          "0": {
            "value": "absolute"
          }
        },
        "style.margin": {
          "0": {
            "value": "0"
          }
        },
        "style.padding": {
          "0": {
            "value": "0"
          }
        },
        "style.border": {
          "0": {
            "value": "0"
          }
        },
        "sizeAbsolute.x": {
          "0": {
            "value": 42
          }
        },
        "sizeMode.x": {
          "0": {
            "value": 1
          }
        },
        "sizeAbsolute.y": {
          "0": {
            "value": 31
          }
        },
        "sizeMode.y": {
          "0": {
            "value": 1
          }
        },
        "translation.x": {
          "0": {
            "value": 28.162,
            "edited": true
          }
        },
        "translation.y": {
          "0": {
            "value": 22.079999999999917,
            "edited": true
          }
        },
        "style.zIndex": {
          "0": {
            "value": 1
          }
        }
      },
      "haiku:70f38dc35c21": {
        "style.position": {
          "0": {
            "value": "absolute"
          }
        },
        "style.margin": {
          "0": {
            "value": "0"
          }
        },
        "style.padding": {
          "0": {
            "value": "0"
          }
        },
        "style.border": {
          "0": {
            "value": "0"
          }
        },
        "sizeAbsolute.x": {
          "0": {
            "value": 24
          }
        },
        "sizeMode.x": {
          "0": {
            "value": 1
          }
        },
        "sizeAbsolute.y": {
          "0": {
            "value": 20
          }
        },
        "sizeMode.y": {
          "0": {
            "value": 1
          }
        },
        "translation.x": {
          "0": {
            "value": 28.162,
            "edited": true
          }
        },
        "translation.y": {
          "0": {
            "value": 22.079999999999917,
            "edited": true
          }
        },
        "style.zIndex": {
          "0": {
            "value": 2
          }
        },
        "rotation.z": {
          "0": {
            "value": 0,
            "edited": true,
            "curve": "linear"
          },
          "500": {
            "value": -3,
            "edited": true
          }
        }
      },
      "haiku:17a5e64458ac": {
        "stroke": {
          "0": {
            "value": "none"
          }
        },
        "stroke-width": {
          "0": {
            "value": "1"
          }
        },
        "fill": {
          "0": {
            "value": "none"
          }
        },
        "fill-rule": {
          "0": {
            "value": "evenodd"
          }
        },
        "stroke-linecap": {
          "0": {
            "value": "round"
          }
        },
        "stroke-linejoin": {
          "0": {
            "value": "round"
          }
        }
      },
      "haiku:71314da0da10": {
        "stroke": {
          "0": {
            "value": "#FFFFFF"
          }
        },
        "stroke-width": {
          "0": {
            "value": "1.5"
          }
        },
        "translation.x": {
          "0": {
            "value": -8
          }
        },
        "translation.y": {
          "0": {
            "value": -6
          }
        }
      },
      "haiku:cb1f9e165040": {
        "translation.x": {
          "0": {
            "value": 9
          }
        },
        "translation.y": {
          "0": {
            "value": 7
          }
        }
      },
      "haiku:67596d197171": {
        "points": {
          "0": {
            "value": "0 7 2.79072096 11 6 7.30161407"
          }
        }
      },
      "haiku:cc279934b00b": {
        "points": {
          "0": {
            "value": "22 12 19.2102804 8 16 11.6983859"
          }
        }
      },
      "haiku:805fc3b22496": {
        "d": {
          "0": {
            "value": "M19.8601315,8 C20.7184561,12.4266111 17.5208366,16.7648507 13.1612884,17.7690728 C10.1211313,18.4710241 7.07274083,17.5290637 5,15.5356828"
          }
        }
      },
      "haiku:497ea6c6d758": {
        "d": {
          "0": {
            "value": "M2.2888276,11 C0.989240082,6.10961135 4.23870378,1.31136191 8.76004103,0.23072924 C11.8838021,-0.517401073 15.0115222,0.603292127 17,2.87572543"
          }
        }
      },
      "haiku:cf77baef819c": {
        "stroke": {
          "0": {
            "value": "none"
          }
        },
        "stroke-width": {
          "0": {
            "value": "1"
          }
        },
        "fill": {
          "0": {
            "value": "none"
          }
        },
        "fill-rule": {
          "0": {
            "value": "evenodd"
          }
        },
        "stroke-linecap": {
          "0": {
            "value": "round"
          }
        },
        "stroke-linejoin": {
          "0": {
            "value": "round"
          }
        }
      },
      "haiku:baf58cbb335c": {
        "stroke": {
          "0": {
            "value": "#FFFFFF"
          }
        },
        "stroke-width": {
          "0": {
            "value": "1.5"
          }
        },
        "translation.x": {
          "0": {
            "value": 1
          }
        },
        "translation.y": {
          "0": {
            "value": 1
          }
        }
      },
      "haiku:6de7ec16f47a": {
        "d": {
          "0": {
            "value": "M28.9835294,4.24675 L23.8494118,0 L16.1482353,0 L11.0141176,4.24675 L3.52941176,4.24675 C1.58588235,4.24675 0,6.378 0,8.50925 L0,25.125 C0,27.25625 1.58588235,29 3.52941176,29 L36.4705882,29 C38.4117647,29 40,27.25625 40,25.125 L40,8.50925 C40,6.378 38.4117647,4.24675 36.4705882,4.24675 L28.9835294,4.24675 Z"
          }
        }
      }
    }
  },
  "template": {
    "elementName": "div",
    "attributes": {
      "haiku-id": "e4a9e4d8baa7",
      "haiku-title": "Main"
    },
    "children": [
      {
        "elementName": "svg",
        "attributes": {
          "version": "1.1",
          "xmlns": "http://www.w3.org/2000/svg",
          "xmlns:xlink": "http://www.w3.org/1999/xlink",
          "haiku-id": "70f38dc35c21",
          "haiku-title": "Arrows",
          "haiku-source": "designs/rvscam2.sketch.contents/slices/Arrows.svg"
        },
        "children": [
          {
            "elementName": "g",
            "attributes": {
              "haiku-id": "17a5e64458ac",
              "id": "Page-1"
            },
            "children": [
              {
                "elementName": "g",
                "attributes": {
                  "haiku-id": "71314da0da10",
                  "id": "Flip-Camera"
                },
                "children": [
                  {
                    "elementName": "g",
                    "attributes": {
                      "haiku-id": "cb1f9e165040",
                      "id": "Arrows"
                    },
                    "children": [
                      {
                        "elementName": "polyline",
                        "attributes": {
                          "haiku-id": "67596d197171",
                          "id": "Stroke-1"
                        },
                        "children": []
                      },
                      {
                        "elementName": "polyline",
                        "attributes": {
                          "haiku-id": "cc279934b00b",
                          "id": "Stroke-3"
                        },
                        "children": []
                      },
                      {
                        "elementName": "path",
                        "attributes": {
                          "haiku-id": "805fc3b22496",
                          "id": "Stroke-5"
                        },
                        "children": []
                      },
                      {
                        "elementName": "path",
                        "attributes": {
                          "haiku-id": "497ea6c6d758",
                          "id": "Stroke-7"
                        },
                        "children": []
                      }
                    ]
                  }
                ]
              }
            ]
          }
        ]
      },
      {
        "elementName": "svg",
        "attributes": {
          "version": "1.1",
          "xmlns": "http://www.w3.org/2000/svg",
          "xmlns:xlink": "http://www.w3.org/1999/xlink",
          "haiku-id": "62fc43ac06b2",
          "haiku-title": "Page 1",
          "haiku-source": "designs/rvscam2.sketch.contents/slices/Page 1.svg"
        },
        "children": [
          {
            "elementName": "g",
            "attributes": {
              "haiku-id": "cf77baef819c",
              "id": "Page-1"
            },
            "children": [
              {
                "elementName": "g",
                "attributes": {
                  "haiku-id": "baf58cbb335c",
                  "id": "Flip-Camera"
                },
                "children": [
                  {
                    "elementName": "path",
                    "attributes": {
                      "haiku-id": "6de7ec16f47a",
                      "id": "Page-1"
                    },
                    "children": []
                  }
                ]
              }
            ]
          }
        ]
      }
    ]
  }
}