{
  "metadata": {
    "folder": "/Users/spiritinlife/.haiku/projects/poupanka/daloading2",
    "uuid": "d5a70e07-e44c-4b64-bd22-4d65cfb59193",
    "core": "3.4.5",
    "player": "3.4.5",
    "username": "george.chailazopoulos@gmail.com",
    "organization": "poupanka",
    "project": "daloading2",
    "branch": "master",
    "version": "0.0.0",
    "title": "Main",
    "type": "haiku",
    "relpath": "code/main/code.js"
  },
  "options": {},
  "states": {},
  "eventHandlers": {},
  "timelines": {
    "Default": {
      "haiku:03757d2ca102": {
        "style.WebkitTapHighlightColor": {
          "0": {
            "value": "rgba(0,0,0,0)"
          }
        },
        "style.transformStyle": {
          "0": {
            "value": "flat"
          }
        },
        "style.perspective": {
          "0": {
            "value": "none"
          }
        },
        "style.position": {
          "0": {
            "value": "relative"
          }
        },
        "style.overflowX": {
          "0": {
            "value": "hidden"
          }
        },
        "style.overflowY": {
          "0": {
            "value": "hidden"
          }
        },
        "sizeAbsolute.x": {
          "0": {
            "value": 90,
            "edited": true
          }
        },
        "sizeAbsolute.y": {
          "0": {
            "value": 78,
            "edited": true
          }
        },
        "sizeMode.x": {
          "0": {
            "value": 1
          }
        },
        "sizeMode.y": {
          "0": {
            "value": 1
          }
        },
        "sizeMode.z": {
          "0": {
            "value": 1
          }
        }
      },
      "haiku:34a584d8c8e3": {
        "style.position": {
          "0": {
            "value": "absolute"
          }
        },
        "style.margin": {
          "0": {
            "value": "0"
          }
        },
        "style.padding": {
          "0": {
            "value": "0"
          }
        },
        "style.border": {
          "0": {
            "value": "0"
          }
        },
        "sizeAbsolute.x": {
          "0": {
            "value": 75
          }
        },
        "sizeMode.x": {
          "0": {
            "value": 1
          }
        },
        "sizeAbsolute.y": {
          "0": {
            "value": 74
          }
        },
        "sizeMode.y": {
          "0": {
            "value": 1
          }
        },
        "translation.x": {
          "0": {
            "value": 45,
            "edited": true
          }
        },
        "translation.y": {
          "0": {
            "value": 39,
            "edited": true
          }
        },
        "style.zIndex": {
          "0": {
            "value": 2
          }
        },
        "scale.x": {
          "0": {
            "value": 0.5,
            "edited": true,
            "curve": "easeInOutCubic"
          },
          "450": {
            "value": 0.8,
            "edited": true,
            "curve": "easeOutExpo"
          },
          "517": {
            "value": 0.65,
            "edited": true,
            "curve": "easeOutCubic"
          },
          "950": {
            "value": 1,
            "edited": true
          }
        },
        "scale.y": {
          "0": {
            "value": 0.5,
            "edited": true,
            "curve": "easeInOutCubic"
          },
          "450": {
            "value": 0.8,
            "edited": true,
            "curve": "easeOutExpo"
          },
          "517": {
            "value": 0.65,
            "edited": true,
            "curve": "easeOutCubic"
          },
          "950": {
            "value": 1,
            "edited": true
          }
        },
        "shear.xy": {
          "0": {
            "value": 0,
            "edited": true
          }
        }
      },
      "haiku:b9edaf059e32": {
        "stroke": {
          "0": {
            "value": "none"
          }
        },
        "stroke-width": {
          "0": {
            "value": "1"
          }
        },
        "fill": {
          "0": {
            "value": "none"
          }
        },
        "fill-rule": {
          "0": {
            "value": "evenodd"
          }
        }
      },
      "haiku:e7dd962896cf": {
        "fill": {
          "0": {
            "value": "#FE0034"
          }
        },
        "fill-rule": {
          "0": {
            "value": "nonzero"
          }
        }
      },
      "haiku:88a1a4da2f85": {
        "translation.x": {
          "0": {
            "value": 0.8
          }
        },
        "translation.y": {
          "0": {
            "value": 74
          }
        },
        "rotation.x": {
          "0": {
            "value": 3.142
          }
        },
        "rotation.z": {
          "0": {
            "value": 3.142
          }
        },
        "scale.x": {
          "0": {
            "value": -1
          }
        },
        "scale.y": {
          "0": {
            "value": -1
          }
        },
        "scale.z": {
          "0": {
            "value": -1
          }
        }
      },
      "haiku:0238aabff0ad": {
        "d": {
          "0": {
            "value": "M25.4,73.3 C22.9,72.3 21.2,67.1 21.2,60 L21.2,53 L13.6,53 C6.5,53 5.9,52.8 3,50 L0,47 L0.4,36 C0.7,25.3 0.8,24.9 3.7,22.3 C6.2,19.9 7.6,19.5 13.9,19.1 L21.2,18.8 L21.2,12 C21.2,6.7 21.6,4.7 23.3,2.6 C25.3,0 25.5,0 38.2,0 C50.9,0 51.1,0 53.1,2.6 C54.8,4.7 55.2,6.7 55.2,12 L55.2,18.8 L62,19.2 C66.3,19.4 69.7,20.2 71.5,21.4 L74.2,23.2 L74.2,36.6 C74.2,52.7 74,53 62.6,53 L55.4,53 L55.1,61.6 C54.6,73.5 53.9,74 38.3,73.9 C31.9,73.9 26.1,73.6 25.4,73.3 Z"
          }
        }
      }
    }
  },
  "template": {
    "elementName": "div",
    "attributes": {
      "haiku-id": "03757d2ca102",
      "haiku-title": "Main"
    },
    "children": [
      {
        "elementName": "svg",
        "attributes": {
          "version": "1.1",
          "xmlns": "http://www.w3.org/2000/svg",
          "xmlns:xlink": "http://www.w3.org/1999/xlink",
          "haiku-id": "34a584d8c8e3",
          "haiku-title": "red_cross",
          "haiku-source": "designs/daloading2.sketch.contents/slices/red_cross.svg"
        },
        "children": [
          {
            "elementName": "g",
            "attributes": {
              "haiku-id": "b9edaf059e32",
              "id": "Page-1"
            },
            "children": [
              {
                "elementName": "g",
                "attributes": {
                  "haiku-id": "e7dd962896cf",
                  "id": "red_cross"
                },
                "children": [
                  {
                    "elementName": "g",
                    "attributes": {
                      "haiku-id": "88a1a4da2f85",
                      "id": "Group"
                    },
                    "children": [
                      {
                        "elementName": "path",
                        "attributes": {
                          "haiku-id": "0238aabff0ad",
                          "id": "Shape"
                        },
                        "children": []
                      }
                    ]
                  }
                ]
              }
            ]
          }
        ]
      }
    ]
  }
}